[   11851ms] [LOG] [Client Instrumentation Hook] Slow execution detected: 74ms (Note: Code download overhead is not included in this measurement) @ webpack-internal:///(app-pages-browser)/./node_modules/.pnpm/next@15.3.6_@babel+core@7.29.7_react-dom@19.1.1_react@19.1.1/node_modules/next/dist/lib/require-instrumentation-client.js:22
[   12090ms] [INFO] %cDownload the React DevTools for a better development experience: https://react.dev/link/react-devtools font-weight:bold @ webpack-internal:///(app-pages-browser)/./node_modules/.pnpm/next@15.3.6_@babel+core@7.29.7_react-dom@19.1.1_react@19.1.1/node_modules/next/dist/compiled/react-dom/cjs/react-dom-client.development.js:25022
[   35072ms] [WARNING] The resource https://www.googletagmanager.com/gtag/js?id=G-EY47XSNZE1 was preloaded using link preload but not used within a few seconds from the window's load event. Please make sure it has an appropriate `as` value and it is preloaded intentionally. @ http://localhost:3306/explore:0
[   35090ms] [WARNING] The resource https://static.nid.naver.com/js/naveridlogin_js_sdk_2.0.2.js was preloaded using link preload but not used within a few seconds from the window's load event. Please make sure it has an appropriate `as` value and it is preloaded intentionally. @ http://localhost:3306/explore:0
[   35090ms] [WARNING] The resource https://pagead2.googlesyndication.com/pagead/js/adsbygoogle.js?client=ca-pub-1106497460474641 was preloaded using link preload but not used within a few seconds from the window's load event. Please make sure it has an appropriate `as` value and it is preloaded intentionally. @ http://localhost:3306/explore:0
[   35090ms] [WARNING] The resource https://t1.kakaocdn.net/kakao_js_sdk/2.7.3/kakao.min.js was preloaded using link preload but not used within a few seconds from the window's load event. Please make sure it has an appropriate `as` value and it is preloaded intentionally. @ http://localhost:3306/explore:0
[   47868ms] [ERROR] %o

%s AggregateError: An error occurred in the Server Components render but no message was provided
    at async Object.getRequest [as get] (rsc://React/Server/webpack-internal:///(rsc)/./src/apis/http.ts?13:28:22)
    at async Object.getRecentReviews (rsc://React/Server/webpack-internal:///(rsc)/./src/apis/home/index.ts?14:10:20)
    at async RecentReviewsFetcherWrapper (rsc://React/Server/webpack-internal:///(rsc)/./src/app/(main)/_components/wrapper/recent-reviews-fetcher-wrapper/index.tsx?15:13:27)
    at resolveErrorDev (webpack-internal:///(app-pages-browser)/./node_modules/.pnpm/next@15.3.6_@babel+core@7.29.7_react-dom@19.1.1_react@19.1.1/node_modules/next/dist/compiled/react-server-dom-webpack/cjs/react-server-dom-webpack-client.browser.development.js:1863:46)
    at processFullStringRow (webpack-internal:///(app-pages-browser)/./node_modules/.pnpm/next@15.3.6_@babel+core@7.29.7_react-dom@19.1.1_react@19.1.1/node_modules/next/dist/compiled/react-server-dom-webpack/cjs/react-server-dom-webpack-client.browser.development.js:2243:17)
    at processFullBinaryRow (webpack-internal:///(app-pages-browser)/./node_modules/.pnpm/next@15.3.6_@babel+core@7.29.7_react-dom@19.1.1_react@19.1.1/node_modules/next/dist/compiled/react-server-dom-webpack/cjs/react-server-dom-webpack-client.browser.development.js:2231:7)
    at progress (webpack-internal:///(app-pages-browser)/./node_modules/.pnpm/next@15.3.6_@babel+core@7.29.7_react-dom@19.1.1_react@19.1.1/node_modules/next/dist/compiled/react-server-dom-webpack/cjs/react-server-dom-webpack-client.browser.development.js:2477:17) The above error occurred in the <RecentReviewsFetcherWrapper> component. It was handled by the <m> error boundary. @ webpack-internal:///(app-pages-browser)/./node_modules/.pnpm/next@15.3.6_@babel+core@7.29.7_react-dom@19.1.1_react@19.1.1/node_modules/next/dist/client/react-client-callbacks/error-boundary-callbacks.js:66
[   52107ms] [WARNING] Image with src "/_next/static/media/bannel01.3fe05e7e.jpg" has "fill" but is missing "sizes" prop. Please add it to improve page performance. Read more: https://nextjs.org/docs/api-reference/next/image#sizes @ webpack-internal:///(app-pages-browser)/./node_modules/.pnpm/@sentry+utils@7.120.4/node_modules/@sentry/utils/esm/instrument/console.js:43
[   52109ms] [WARNING] Image with src "/_next/static/media/bannel02.438503ff.jpg" has "fill" but is missing "sizes" prop. Please add it to improve page performance. Read more: https://nextjs.org/docs/api-reference/next/image#sizes @ webpack-internal:///(app-pages-browser)/./node_modules/.pnpm/@sentry+utils@7.120.4/node_modules/@sentry/utils/esm/instrument/console.js:43
[   52109ms] [WARNING] Image with src "/_next/static/media/bannel03.71bef3e7.jpg" has "fill" but is missing "sizes" prop. Please add it to improve page performance. Read more: https://nextjs.org/docs/api-reference/next/image#sizes @ webpack-internal:///(app-pages-browser)/./node_modules/.pnpm/@sentry+utils@7.120.4/node_modules/@sentry/utils/esm/instrument/console.js:43
[   52110ms] [WARNING] Image with src "/_next/static/media/bannel04.03dcaed3.jpg" has "fill" but is missing "sizes" prop. Please add it to improve page performance. Read more: https://nextjs.org/docs/api-reference/next/image#sizes @ webpack-internal:///(app-pages-browser)/./node_modules/.pnpm/@sentry+utils@7.120.4/node_modules/@sentry/utils/esm/instrument/console.js:43
[   52110ms] [WARNING] Image with src "/_next/static/media/bannel05.44847984.jpg" has "fill" but is missing "sizes" prop. Please add it to improve page performance. Read more: https://nextjs.org/docs/api-reference/next/image#sizes @ webpack-internal:///(app-pages-browser)/./node_modules/.pnpm/@sentry+utils@7.120.4/node_modules/@sentry/utils/esm/instrument/console.js:43
[   55962ms] [LOG] Kakao SDK 초기화 완료: true @ webpack-internal:///(app-pages-browser)/./node_modules/.pnpm/@sentry+utils@7.120.4/node_modules/@sentry/utils/esm/instrument/console.js:43
[   58290ms] [WARNING] AdSense head tag doesn't support data-nscript attribute. @ webpack-internal:///(app-pages-browser)/./node_modules/.pnpm/@sentry+utils@7.120.4/node_modules/@sentry/utils/esm/instrument/console.js:43
